// Jest Snapshot v1, https://goo.gl/fbAQLP

exports[`Api/utils/validators apiOptions should return default chat options 1`] = `
Object {
  "clientId": "CLIENT_ID",
  "onAuthenticationFailure": undefined,
  "token": "TOKEN",
}
`;
